2025-05-30 10:33:26,546 - INFO - Logging initialized. Log file created at: c:\Users\saada\Documents\AIR-TRACKER OLD\logs\airtracker.log

2025-05-30 10:33:04.228496: I tensorflow/core/util/port.cc:153] oneDNN custom operations are on. You may see slightly different numerical results due to floating-point round-off errors from different computation orders. To turn them off, set the environment variable `TF_ENABLE_ONEDNN_OPTS=0`.
2025-05-30 10:33:09.298469: I tensorflow/core/util/port.cc:153] oneDNN custom operations are on. You may see slightly different numerical results due to floating-point round-off errors from different computation orders. To turn them off, set the environment variable `TF_ENABLE_ONEDNN_OPTS=0`.
Fetching 2 files: 100%|██████████████████████████████████████████████████████████████████████████████████████| 2/2 [00:00<?, ?it/s]
Error loading model: [Errno 2] No such file or directory: 'C:\\Users\\saada\\.cache\\huggingface\\hub\\models--saaday5--hand_gesture_model\\snapshots\\6004d9c587089c7b58de79fe16594aaf47003b93\\config.json'
INFO: Created TensorFlow Lite XNNPACK delegate for CPU.
WARNING: All log messages before absl::InitializeLog() is called are written to STDERR
W0000 00:00:1748583220.564140    7244 inference_feedback_manager.cc:114] Feedback manager requires a model with a single signature inference. Disabling support for feedback tensors.
W0000 00:00:1748583220.833510    6648 inference_feedback_manager.cc:114] Feedback manager requires a model with a single signature inference. Disabling support for feedback tensors.
Leaving: 3
Leaving: 4
Leaving: 5
Leaving: 6
Leaving: 7
Leaving: 8
Leaving: 1
Leaving: 2
Leaving: 3
Leaving: 4
Leaving: 5
Leaving: 6
Leaving: 7
Leaving: 8
Leaving: 1
Leaving: 2
Leaving: 3
Leaving: 4
Leaving: 5
Leaving: 6
Leaving: 7
Leaving: 8
Leaving: 1
Leaving: 2
Leaving: 3
Leaving: 4
Leaving: 5
Leaving: 6
Leaving: 7
Leaving: 8
Leaving: 1
Leaving: 2
Leaving: 3
Leaving: 4
Leaving: 5
Leaving: 6
Leaving: 7
Leaving: 8
Leaving: 1
Leaving: 2
Leaving: 3
Leaving: 4
Leaving: 5
Leaving: 6
Leaving: 7
Leaving: 8
Leaving: 1
Leaving: 2
Leaving: 3
Leaving: 4
Leaving: 5
Leaving: 6
Leaving: 7
Leaving: 8
Leaving: 1
Leaving: 2
Leaving: 3
Leaving: 4
Leaving: 5
Leaving: 6
Leaving: 7
Leaving: 8
Leaving: 1
Leaving: 2
Leaving: 3
Leaving: 4
Leaving: 5
Leaving: 6
Leaving: 7
Leaving: 8
Leaving: 1
Leaving: 2
Leaving: 3
Leaving: 4
Leaving: 5
Leaving: 6
Leaving: 7
Leaving: 8
Leaving: 1
Leaving: 2
Leaving: 3
Leaving: 4
Leaving: 5
Leaving: 6
Leaving: 7
Leaving: 8
Leaving: 1
Leaving: 2
Leaving: 3
Leaving: 4
Leaving: 5
Leaving: 6
Leaving: 7
Leaving: 8
Leaving: 1
Leaving: 2
Leaving: 3
Leaving: 4
Leaving: 5
Leaving: 6
Leaving: 7
Leaving: 8
Leaving: 1
Leaving: 2
Leaving: 3
Leaving: 4
Leaving: 5
Leaving: 6
Leaving: 7
Leaving: 8
Leaving: 1
Leaving: 2
Leaving: 3
Leaving: 4
Leaving: 5
Leaving: 6
Leaving: 7
Leaving: 8
Leaving: 1
Leaving: 2
Leaving: 3
Leaving: 4
Leaving: 5
Leaving: 6
Leaving: 7
Leaving: 8
Leaving: 1
Leaving: 2
Leaving: 3
Leaving: 4
Leaving: 5
Leaving: 6
Leaving: 7
Leaving: 8
Leaving: 1
Leaving: 2
Leaving: 3
Leaving: 4
Leaving: 5
Leaving: 6
Leaving: 7
Leaving: 8
Leaving: 1
Leaving: 2
Leaving: 3
Leaving: 4
Leaving: 5
Leaving: 6
Leaving: 7
Leaving: 8
Leaving: 1
Leaving: 2
Leaving: 3
Leaving: 4
Leaving: 5
Leaving: 6
Leaving: 7
Leaving: 8
Leaving: 1
Leaving: 2
Leaving: 3
Leaving: 4
Leaving: 5
Leaving: 6
Leaving: 7
Leaving: 8
Leaving: 1
Leaving: 2
Leaving: 3
Leaving: 4
Leaving: 5
Leaving: 6
Leaving: 7
Leaving: 8
Leaving: 1
Leaving: 2
Leaving: 3
Leaving: 4
Leaving: 5
Leaving: 6
Leaving: 7
Leaving: 8
Leaving: 1
Leaving: 2
Leaving: 3
Leaving: 4
Leaving: 5
Leaving: 6
Leaving: 7
Leaving: 8
Leaving: 1
Leaving: 2
Leaving: 3
Leaving: 4
Leaving: 5
Leaving: 6
Leaving: 7
Leaving: 8
Leaving: 1
Leaving: 2
Leaving: 3
Leaving: 4
Leaving: 5
Leaving: 6
Leaving: 7
Leaving: 8
Leaving: 1
Leaving: 2
Leaving: 3
Leaving: 4
Leaving: 5
Leaving: 6
Leaving: 7
Leaving: 8
Leaving: 1
Leaving: 2
Leaving: 3
Leaving: 4
Leaving: 5
Leaving: 6
Leaving: 7
Leaving: 8
Leaving: 1
Leaving: 2
Leaving: 3
Leaving: 4
Leaving: 5
Leaving: 6
Leaving: 7
Leaving: 8
Leaving: 1
Leaving: 2
Leaving: 3
Leaving: 4
Leaving: 5
Leaving: 6
Leaving: 7
Leaving: 8
Leaving: 1
Leaving: 2
Leaving: 3
Leaving: 4
Leaving: 5
Leaving: 6
Leaving: 7
Leaving: 8
Leaving: 1
Leaving: 2
Leaving: 3
Leaving: 4
Leaving: 5
Leaving: 6
Leaving: 7
Leaving: 8
Leaving: 1
Leaving: 2
Leaving: 3
Leaving: 4
Leaving: 5
Leaving: 6
Leaving: 7
Leaving: 8
Leaving: 1
Leaving: 2
Leaving: 3
Leaving: 4
Leaving: 5
Leaving: 6
Leaving: 7
Leaving: 8
Leaving: 1
Leaving: 2
Leaving: 3
Leaving: 4
Leaving: 5
Leaving: 6
Leaving: 7
Leaving: 8
Leaving: 1
Leaving: 2
Leaving: 3
Leaving: 4
Leaving: 5
Leaving: 6
Leaving: 7
Leaving: 8
Leaving: 1
Leaving: 2
Leaving: 3
Leaving: 4
Leaving: 5
Leaving: 6
Leaving: 7
Leaving: 8
Leaving: 1
Leaving: 2
Leaving: 3
Leaving: 4
Leaving: 5
Leaving: 6
Leaving: 7
Leaving: 8
Leaving: 1
Leaving: 2
Leaving: 3
Leaving: 4
Leaving: 5
Leaving: 6
Leaving: 7
Leaving: 8
Leaving: 1
Leaving: 2
Leaving: 3
Leaving: 4
Leaving: 5
Leaving: 6
Leaving: 7
Leaving: 8
Too many invalid gestures. System cooling down...
Gesture detection resumed
Leaving: 1
Leaving: 2
Leaving: 3
Leaving: 4
Leaving: 5
Leaving: 6
Leaving: 7
Leaving: 8
Leaving: 1
Leaving: 2
Leaving: 3
Leaving: 4
Leaving: 5
Leaving: 6
Leaving: 7
Leaving: 8
Leaving: 1
Leaving: 2
Leaving: 3
Leaving: 4
Leaving: 5
Leaving: 6
Leaving: 7
Leaving: 8
Leaving: 1
Leaving: 2
Leaving: 3
Leaving: 4
Leaving: 5
Leaving: 6
Leaving: 7
Leaving: 8
Leaving: 1
Leaving: 2
Leaving: 3
Leaving: 4
Leaving: 5
Leaving: 6
Leaving: 7
Leaving: 8
Leaving: 1
Leaving: 2
Leaving: 3
Leaving: 4
Leaving: 5
Leaving: 6
Leaving: 7
Leaving: 8
Leaving: 1
Leaving: 2
Leaving: 3
Leaving: 4
Leaving: 5
Leaving: 6
Leaving: 7
Leaving: 8
Leaving: 1
Leaving: 2
Leaving: 3
Leaving: 4
Leaving: 5
Leaving: 6
Leaving: 7
Leaving: 8
Leaving: 1
Leaving: 2
Leaving: 3
Leaving: 4
Leaving: 5
Leaving: 6
Leaving: 7
Leaving: 8
Leaving: 1
Leaving: 2
Leaving: 3
Leaving: 4
Leaving: 5
Leaving: 6
Leaving: 7
Leaving: 8
Leaving: 1
Leaving: 2
Leaving: 3
Leaving: 4
Leaving: 5
Leaving: 6
Leaving: 7
Leaving: 8
Leaving: 1
Leaving: 2
Leaving: 3
Leaving: 4
Leaving: 5
Leaving: 6
Leaving: 7
Leaving: 8
Leaving: 1
Leaving: 2
Leaving: 3
Leaving: 4
Leaving: 5
Leaving: 6
Leaving: 7
Leaving: 8
Leaving: 1
Leaving: 2
Leaving: 3
Leaving: 4
Leaving: 5
Leaving: 6
Leaving: 7
Leaving: 8
Leaving: 1
Leaving: 2
Leaving: 3
Leaving: 4
Leaving: 5
Leaving: 6
Leaving: 7
Leaving: 8
Leaving: 1
Leaving: 2
Leaving: 3
Leaving: 4
Leaving: 5
Leaving: 6
Leaving: 7
Leaving: 8
Leaving: 1
Leaving: 2
Leaving: 3
Leaving: 4
Leaving: 5
Leaving: 6
Leaving: 7
Leaving: 8
Leaving: 1
Leaving: 2
Leaving: 3
Leaving: 4
Leaving: 5
Leaving: 6
Leaving: 7
Leaving: 8
Leaving: 1
Leaving: 2
Leaving: 3
Leaving: 4
Leaving: 5
Leaving: 6
Leaving: 7
Leaving: 8
Leaving: 1
Leaving: 2
Leaving: 3
Leaving: 4
Leaving: 5
Leaving: 6
Leaving: 7
Leaving: 8
Leaving: 1
Leaving: 2
Leaving: 3
Leaving: 4
Leaving: 5
Leaving: 6
Leaving: 7
Leaving: 8
Leaving: 1
Leaving: 2
Leaving: 3
Leaving: 4
Leaving: 5
Leaving: 6
Leaving: 7
Leaving: 8
Leaving: 1
Leaving: 2
Leaving: 3
Leaving: 4
Leaving: 5
Leaving: 6
Leaving: 7
Leaving: 8
Leaving: 1
Leaving: 2
Leaving: 3
Leaving: 4
Leaving: 5
Leaving: 6
Leaving: 7
Leaving: 8
Leaving: 1
Leaving: 2
Leaving: 3
Leaving: 4
Leaving: 5
Leaving: 6
Leaving: 7
Leaving: 8
Leaving: 1
Leaving: 2
Leaving: 3
Leaving: 4
Leaving: 5
Leaving: 6
Leaving: 7
Leaving: 8
Leaving: 1
Leaving: 2
Leaving: 3
Leaving: 4
Leaving: 5
Leaving: 6
Leaving: 7
Leaving: 8
Leaving: 1
Leaving: 2
Leaving: 3
Leaving: 4
Leaving: 5
Leaving: 6
Leaving: 7
Leaving: 8
Leaving: 1
Leaving: 2
Leaving: 3
Leaving: 4
Leaving: 5
Leaving: 6
Leaving: 7
Leaving: 8
Leaving: 1
Leaving: 2
Leaving: 3
Leaving: 4
Leaving: 5
Leaving: 6
Leaving: 7
Leaving: 8
Leaving: 1
Leaving: 2
Leaving: 3
Leaving: 4
Leaving: 5
Leaving: 6
Leaving: 7
Leaving: 8
Leaving: 1
Leaving: 2
Leaving: 3
Leaving: 4
Leaving: 5
Leaving: 6
Leaving: 7
Leaving: 8
Leaving: 1
Leaving: 2
Leaving: 3
Leaving: 4
Leaving: 5
Leaving: 6
Leaving: 7
Leaving: 8
Leaving: 1
Leaving: 2
Leaving: 3
Leaving: 4
Leaving: 5
Leaving: 6
Leaving: 7
Leaving: 8
Leaving: 1
Leaving: 2
Leaving: 3
Leaving: 4
Leaving: 5
Leaving: 6
Leaving: 7
Leaving: 8
Leaving: 1
Leaving: 2
Leaving: 3
Leaving: 4
Leaving: 5
Leaving: 6
Leaving: 7
Leaving: 8
Leaving: 1
Leaving: 2
Leaving: 3
Leaving: 4
Leaving: 5
Leaving: 6
Leaving: 7
Leaving: 8
Leaving: 1
Leaving: 2
Leaving: 3
Leaving: 4
Leaving: 5
Leaving: 6
Leaving: 7
Leaving: 8
Leaving: 1
Leaving: 2
Leaving: 3
Leaving: 4
Leaving: 5
Leaving: 6
Leaving: 7
Leaving: 8
Leaving: 1
Leaving: 2
Leaving: 3
Leaving: 4
Leaving: 5
Leaving: 6
Leaving: 7
Leaving: 8
Leaving: 1
Leaving: 2
Leaving: 3
Leaving: 4
Leaving: 5
Leaving: 6
Leaving: 7
Leaving: 8
Leaving: 1
Leaving: 2
Leaving: 3
Leaving: 4
Leaving: 5
Leaving: 6
Leaving: 7
Leaving: 8
Leaving: 1
Leaving: 2
Leaving: 3
Leaving: 4
Leaving: 5
Leaving: 6
Leaving: 7
Leaving: 8
Leaving: 1
Leaving: 2
Leaving: 3
Leaving: 4
Leaving: 5
Leaving: 6
Leaving: 7
Leaving: 8
Leaving: 1
Leaving: 2
Leaving: 3
Leaving: 4
Leaving: 5
Leaving: 6
Leaving: 7
Leaving: 8
Leaving: 1
Leaving: 2
Leaving: 3
Leaving: 4
Leaving: 5
Leaving: 6
Leaving: 7
Leaving: 8
Leaving: 1
Leaving: 2
Leaving: 3
Leaving: 4
Leaving: 5
Leaving: 6
Leaving: 7
Leaving: 8
Leaving: 1
Leaving: 2
Leaving: 3
Leaving: 4
Leaving: 5
Leaving: 6
Leaving: 7
Leaving: 8
Leaving: 1
Leaving: 2
Leaving: 3
Leaving: 4
Leaving: 5
Leaving: 6
Leaving: 7
Leaving: 8
Leaving: 1
Leaving: 2
Leaving: 3
Leaving: 4
Leaving: 5
Leaving: 6
Leaving: 7
Leaving: 8
Leaving: 1
Leaving: 2
Leaving: 3
Leaving: 4
Leaving: 5
Leaving: 6
Leaving: 7
Leaving: 8
Leaving: 1
Leaving: 2
Leaving: 3
Leaving: 4
Leaving: 5
Leaving: 6
Leaving: 7
Leaving: 8
Leaving: 1
Leaving: 2
Leaving: 3
Leaving: 4
Leaving: 5
Leaving: 6
Leaving: 7
Leaving: 8
Leaving: 1
Leaving: 2
Leaving: 3
Leaving: 4
Leaving: 5
Leaving: 6
Leaving: 7
Leaving: 8
Leaving: 1
Leaving: 2
Leaving: 3
Leaving: 4
Leaving: 5
Leaving: 6
Leaving: 7
Leaving: 8
Leaving: 1
Leaving: 2
Leaving: 3
Leaving: 4
Leaving: 5
Leaving: 6
Leaving: 7
Leaving: 8
Leaving: 1
Leaving: 2
Leaving: 3
Leaving: 4
Leaving: 5
Leaving: 6
Leaving: 7
Leaving: 8
Leaving: 1
Leaving: 2
Leaving: 3
Leaving: 4
Leaving: 5
Leaving: 6
Leaving: 7
Leaving: 8
Leaving: 1
Leaving: 2
Leaving: 3
Leaving: 4
Leaving: 5
Leaving: 6
Leaving: 7
Leaving: 8
Leaving: 1
Leaving: 2
Leaving: 3
Leaving: 4
Leaving: 5
Leaving: 6
Leaving: 7
Leaving: 8
Leaving: 1
Leaving: 2
Leaving: 3
Leaving: 4
Leaving: 5
Leaving: 6
Leaving: 7
Leaving: 8
Leaving: 1
Leaving: 2
Leaving: 3
Leaving: 4
Leaving: 5
Leaving: 6
Leaving: 7
Leaving: 8
Leaving: 1
Leaving: 2
Leaving: 3
Leaving: 4
Leaving: 5
Leaving: 6
Leaving: 7
Leaving: 8
Leaving: 1
Leaving: 2
Leaving: 3
Leaving: 4
Leaving: 5
Leaving: 6
Leaving: 7
Leaving: 8
Leaving: 1
Leaving: 2
Leaving: 3
Leaving: 4
Leaving: 5
Leaving: 6
Leaving: 7
Leaving: 8
Leaving: 1
Leaving: 2
Leaving: 3
Leaving: 4
Leaving: 5
Leaving: 6
Leaving: 7
Leaving: 8
Leaving: 1
Leaving: 2
Leaving: 3
Leaving: 4
Leaving: 5
Leaving: 6
Leaving: 7
Leaving: 8
Leaving: 1
Leaving: 2
Leaving: 3
Leaving: 4
Leaving: 5
Leaving: 6
Leaving: 7
Leaving: 8
Leaving: 1
Leaving: 2
Leaving: 3
Leaving: 4
Leaving: 5
Leaving: 6
Leaving: 7
Leaving: 8
Leaving: 1
Leaving: 2
Leaving: 3
Leaving: 4
Leaving: 5
Leaving: 6
Leaving: 7
Leaving: 8
Leaving: 1
Leaving: 2
Leaving: 3
Leaving: 4
Leaving: 5
Leaving: 6
Leaving: 7
Leaving: 8
Leaving: 1
Leaving: 2
Leaving: 3
Leaving: 4
Leaving: 5
Leaving: 6
Leaving: 7
Leaving: 8
Leaving: 1
Leaving: 2
Leaving: 3
Leaving: 4
Leaving: 5
Leaving: 6
Leaving: 7
Leaving: 8
Leaving: 1
Leaving: 2
Leaving: 3
Leaving: 4
Leaving: 5
Leaving: 6
Leaving: 7
Leaving: 8
Leaving: 1
Leaving: 2
Leaving: 3
Leaving: 4
Leaving: 5
Leaving: 6
Leaving: 7
Leaving: 8
Leaving: 1
Leaving: 2
Leaving: 3
Leaving: 4
Leaving: 5
Leaving: 6
Leaving: 7
Leaving: 8
Leaving: 1
Leaving: 2
Leaving: 3
Leaving: 4
Leaving: 5
Leaving: 6
Leaving: 7
Leaving: 8
Leaving: 1
Leaving: 2
Leaving: 3
Leaving: 4
Leaving: 5
Leaving: 6
Leaving: 7
Leaving: 8
Leaving: 1
Leaving: 2
Leaving: 3
Leaving: 4
Leaving: 5
Leaving: 6
Leaving: 7
Leaving: 8
Leaving: 1
Leaving: 2
Leaving: 3
Leaving: 4
Leaving: 5
Leaving: 6
Leaving: 7
Leaving: 8
Leaving: 1
Leaving: 2
Leaving: 3
Leaving: 4
Leaving: 5
Leaving: 6
Leaving: 7
Leaving: 8
Leaving: 1
Leaving: 2
Leaving: 3
Leaving: 4
Leaving: 5
Leaving: 6
Leaving: 7
Leaving: 8
Leaving: 1
Leaving: 2
Leaving: 3
Leaving: 5
Leaving: 6
Leaving: 7
Leaving: 8
Leaving: 1
Leaving: 2
Leaving: 3
Leaving: 4
Leaving: 5
Leaving: 6
Leaving: 7
Leaving: 8
Hiding canvas overlay...
Too many invalid gestures. System cooling down...
Gesture detection resumed
Closing PowerPoint presentation...
Gesture detected: Move Slide Backward